Looking in links: /tmp/tmpv9wiqjsa
Processing /tmp/tmpv9wiqjsa/pip-25.0.1-py3-none-any.whl
Installing collected packages: pip
Successfully installed pip-25.0.1
Looking in indexes: https://pypi.org/simple, https://pypi.nvidia.com
Collecting cuml-cu13
  Downloading https://pypi.nvidia.com/cuml-cu13/cuml_cu13-26.8.0-cp311-abi3-manylinux_2_27_x86_64.manylinux_2_28_x86_64.whl (6.6 MB)
     ━━━━━━━━━━━━━━━━━━━━━━━━━━━━━━━━━━━━━━━━ 6.6/6.6 MB 10.2 MB/s eta 0:00:00
Requirement already satisfied: numpy<3,>=2 in ./.venv-gpu-svm-rapids/lib/python3.12/site-packages (2.4.4)
Collecting numpy<3,>=2
  Downloading numpy-2.5.2-cp312-cp312-manylinux_2_27_x86_64.manylinux_2_28_x86_64.whl.metadata (6.6 kB)
Requirement already satisfied: scikit-learn>=1.6 in ./.venv-gpu-svm-rapids/lib/python3.12/site-packages (1.9.0)
Requirement already satisfied: pandas in ./.venv-gpu-svm-rapids/lib/python3.12/site-packages (3.0.3)
Collecting pandas
  Downloading pandas-3.0.5-cp312-cp312-manylinux_2_24_x86_64.manylinux_2_28_x86_64.whl.metadata (79 kB)
Collecting cuda-bindings<14.0,>=13.0.1 (from cuml-cu13)
  Downloading cuda_bindings-13.3.1-cp312-cp312-manylinux_2_24_x86_64.manylinux_2_28_x86_64.whl.metadata (2.5 kB)
Collecting cuda-toolkit==13.* (from cuda-toolkit[cublas,cufft,curand,cusolver,cusparse]==13.*->cuml-cu13)
  Downloading https://pypi.nvidia.com/cuda-toolkit/cuda_toolkit-13.3.1-py2.py3-none-any.whl (2.7 kB)
Collecting cudf-cu13==26.8.* (from cuml-cu13)
  Downloading https://pypi.nvidia.com/cudf-cu13/cudf_cu13-26.8.1-cp311-abi3-manylinux_2_24_x86_64.manylinux_2_28_x86_64.whl (2.2 MB)
     ━━━━━━━━━━━━━━━━━━━━━━━━━━━━━━━━━━━━━━━━ 2.2/2.2 MB 4.9 MB/s eta 0:00:00
Collecting cupy-cuda13x!=14.1.0,>=14.0.1 (from cupy-cuda13x[ctk]!=14.1.0,>=14.0.1->cuml-cu13)
  Downloading cupy_cuda13x-14.2.0-cp312-cp312-manylinux2014_x86_64.whl.metadata (2.8 kB)
Requirement already satisfied: joblib>=0.11 in ./.venv-gpu-svm-rapids/lib/python3.12/site-packages (from cuml-cu13) (1.5.3)
Collecting libcuml-cu13==26.8.* (from cuml-cu13)
  Downloading https://pypi.nvidia.com/libcuml-cu13/libcuml_cu13-26.8.0-py3-none-manylinux_2_27_x86_64.manylinux_2_28_x86_64.whl (66.1 MB)
     ━━━━━━━━━━━━━━━━━━━━━━━━━━━━━━━━━━━━━━━━ 66.1/66.1 MB 8.8 MB/s eta 0:00:00
Collecting numba-cuda>=0.22.2 (from numba-cuda[cu13]>=0.22.2->cuml-cu13)
  Downloading numba_cuda-0.30.4-cp312-cp312-manylinux_2_24_x86_64.manylinux_2_28_x86_64.whl.metadata (3.8 kB)
Collecting numba<0.65.0,>=0.60.0 (from cuml-cu13)
  Downloading numba-0.64.0-cp312-cp312-manylinux2014_x86_64.manylinux_2_17_x86_64.whl.metadata (2.9 kB)
Collecting nvforest-cu13==26.8.* (from cuml-cu13)
  Downloading https://pypi.nvidia.com/nvforest-cu13/nvforest_cu13-26.8.0-cp311-abi3-manylinux_2_24_x86_64.manylinux_2_28_x86_64.whl (933 kB)
     ━━━━━━━━━━━━━━━━━━━━━━━━━━━━━━━━━━━━━━━ 933.1/933.1 kB 2.8 MB/s eta 0:00:00
Collecting nvidia-nvjitlink<14,>=13.3 (from cuml-cu13)
  Downloading https://pypi.nvidia.com/nvidia-nvjitlink/nvidia_nvjitlink-13.3.33-py3-none-manylinux2010_x86_64.manylinux_2_12_x86_64.whl (40.7 MB)
     ━━━━━━━━━━━━━━━━━━━━━━━━━━━━━━━━━━━━━━━━ 40.7/40.7 MB 47.9 MB/s eta 0:00:00
Requirement already satisfied: packaging in ./.venv-gpu-svm-rapids/lib/python3.12/site-packages (from cuml-cu13) (26.2)
Collecting pylibraft-cu13==26.8.* (from cuml-cu13)
  Downloading https://pypi.nvidia.com/pylibraft-cu13/pylibraft_cu13-26.8.0-cp311-abi3-manylinux_2_24_x86_64.manylinux_2_28_x86_64.whl (960 kB)
     ━━━━━━━━━━━━━━━━━━━━━━━━━━━━━━━━━━━━━━ 960.3/960.3 kB 10.1 MB/s eta 0:00:00
Requirement already satisfied: rich in ./.venv-gpu-svm-rapids/lib/python3.12/site-packages (from cuml-cu13) (15.0.0)
Collecting rmm-cu13==26.8.* (from cuml-cu13)
  Downloading https://pypi.nvidia.com/rmm-cu13/rmm_cu13-26.8.0-cp311-abi3-manylinux_2_24_x86_64.manylinux_2_28_x86_64.whl (737 kB)
     ━━━━━━━━━━━━━━━━━━━━━━━━━━━━━━━━━━━━━━ 737.2/737.2 kB 12.4 MB/s eta 0:00:00
Requirement already satisfied: scipy>=1.14.0 in ./.venv-gpu-svm-rapids/lib/python3.12/site-packages (from cuml-cu13) (1.18.0)
Collecting treelite<5.0.0,>=4.7.0 (from cuml-cu13)
  Downloading treelite-4.7.1-py3-none-manylinux_2_28_x86_64.whl.metadata (1.5 kB)
Collecting nvidia-cublas==13.6.0.2.* (from cuda-toolkit[cublas,cufft,curand,cusolver,cusparse]==13.*->cuml-cu13)
  Downloading https://pypi.nvidia.com/nvidia-cublas/nvidia_cublas-13.6.0.2-py3-none-manylinux_2_27_x86_64.whl (410.5 MB)
     ━━━━━━━━━━━━━━━━━━━━━━━━━━━━━━━━━━━━━━━ 410.5/410.5 MB 8.4 MB/s eta 0:00:00
Collecting nvidia-cuda-nvrtc==13.3.33.* (from cuda-toolkit[cublas,cufft,curand,cusolver,cusparse]==13.*->cuml-cu13)
  Downloading https://pypi.nvidia.com/nvidia-cuda-nvrtc/nvidia_cuda_nvrtc-13.3.33-py3-none-manylinux2010_x86_64.manylinux_2_12_x86_64.whl (51.1 MB)
     ━━━━━━━━━━━━━━━━━━━━━━━━━━━━━━━━━━━━━━━━ 51.1/51.1 MB 11.1 MB/s eta 0:00:00
Collecting nvidia-cufft==12.3.0.29.* (from cuda-toolkit[cublas,cufft,curand,cusolver,cusparse]==13.*->cuml-cu13)
  Downloading https://pypi.nvidia.com/nvidia-cufft/nvidia_cufft-12.3.0.29-py3-none-manylinux2014_x86_64.manylinux_2_17_x86_64.whl (184.7 MB)
     ━━━━━━━━━━━━━━━━━━━━━━━━━━━━━━━━━━━━━━ 184.7/184.7 MB 11.4 MB/s eta 0:00:00
Collecting nvidia-curand==10.4.3.29.* (from cuda-toolkit[cublas,cufft,curand,cusolver,cusparse]==13.*->cuml-cu13)
  Downloading https://pypi.nvidia.com/nvidia-curand/nvidia_curand-10.4.3.29-py3-none-manylinux_2_27_x86_64.whl (60.0 MB)
     ━━━━━━━━━━━━━━━━━━━━━━━━━━━━━━━━━━━━━━━━ 60.0/60.0 MB 11.9 MB/s eta 0:00:00
Collecting nvidia-cusolver==12.2.6.9.* (from cuda-toolkit[cublas,cufft,curand,cusolver,cusparse]==13.*->cuml-cu13)
  Downloading https://pypi.nvidia.com/nvidia-cusolver/nvidia_cusolver-12.2.6.9-py3-none-manylinux_2_27_x86_64.whl (244.7 MB)
     ━━━━━━━━━━━━━━━━━━━━━━━━━━━━━━━━━━━━━━ 244.7/244.7 MB 11.4 MB/s eta 0:00:00
Collecting nvidia-cusparse==12.8.2.51.* (from cuda-toolkit[cublas,cufft,curand,cusolver,cusparse]==13.*->cuml-cu13)
  Downloading https://pypi.nvidia.com/nvidia-cusparse/nvidia_cusparse-12.8.2.51-py3-none-manylinux2014_x86_64.manylinux_2_17_x86_64.whl (154.5 MB)
     ━━━━━━━━━━━━━━━━━━━━━━━━━━━━━━━━━━━━━━ 154.5/154.5 MB 11.1 MB/s eta 0:00:00
Collecting cachetools (from cudf-cu13==26.8.*->cuml-cu13)
  Downloading cachetools-7.1.7-py3-none-any.whl.metadata (5.5 kB)
Requirement already satisfied: fsspec>=0.6.0 in ./.venv-gpu-svm-rapids/lib/python3.12/site-packages (from cudf-cu13==26.8.*->cuml-cu13) (2026.4.0)
Collecting libcudf-cu13==26.8.* (from cudf-cu13==26.8.*->cuml-cu13)
  Downloading https://pypi.nvidia.com/libcudf-cu13/libcudf_cu13-26.8.1-py3-none-manylinux_2_27_x86_64.manylinux_2_28_x86_64.whl (314.5 MB)
     ━━━━━━━━━━━━━━━━━━━━━━━━━━━━━━━━━━━━━━ 314.5/314.5 MB 11.0 MB/s eta 0:00:00
Collecting numba-cuda-mlir>=0.3.0 (from numba-cuda-mlir[cu13]>=0.3.0->cudf-cu13==26.8.*->cuml-cu13)
  Downloading numba_cuda_mlir-0.5.0-cp312-cp312-manylinux_2_27_x86_64.manylinux_2_28_x86_64.whl.metadata (4.9 kB)
Collecting nvtx>=0.2.1 (from cudf-cu13==26.8.*->cuml-cu13)
  Downloading https://pypi.nvidia.com/nvtx/nvtx-0.2.16-cp312-cp312-manylinux2014_x86_64.manylinux_2_17_x86_64.manylinux_2_28_x86_64.whl (2.8 MB)
     ━━━━━━━━━━━━━━━━━━━━━━━━━━━━━━━━━━━━━━━━ 2.8/2.8 MB 29.8 MB/s eta 0:00:00
Collecting pyarrow<24,>=19.0.0 (from cudf-cu13==26.8.*->cuml-cu13)
  Downloading pyarrow-23.0.1-cp312-cp312-manylinux_2_28_x86_64.whl.metadata (3.1 kB)
Collecting pylibcudf-cu13==26.8.* (from cudf-cu13==26.8.*->cuml-cu13)
  Downloading https://pypi.nvidia.com/pylibcudf-cu13/pylibcudf_cu13-26.8.1-cp311-abi3-manylinux_2_24_x86_64.manylinux_2_28_x86_64.whl (7.8 MB)
     ━━━━━━━━━━━━━━━━━━━━━━━━━━━━━━━━━━━━━━━━ 7.8/7.8 MB 12.2 MB/s eta 0:00:00
Collecting libcuvs-cu13==26.8.* (from libcuml-cu13==26.8.*->cuml-cu13)
  Downloading https://pypi.nvidia.com/libcuvs-cu13/libcuvs_cu13-26.8.1-py3-none-manylinux_2_27_x86_64.manylinux_2_28_x86_64.whl (232.8 MB)
     ━━━━━━━━━━━━━━━━━━━━━━━━━━━━━━━━━━━━━━ 232.8/232.8 MB 10.7 MB/s eta 0:00:00
Collecting libnvforest-cu13==26.8.* (from libcuml-cu13==26.8.*->cuml-cu13)
  Downloading https://pypi.nvidia.com/libnvforest-cu13/libnvforest_cu13-26.8.0-py3-none-manylinux_2_27_x86_64.manylinux_2_28_x86_64.whl (26.0 MB)
     ━━━━━━━━━━━━━━━━━━━━━━━━━━━━━━━━━━━━━━━━ 26.0/26.0 MB 11.5 MB/s eta 0:00:00
Collecting libraft-cu13==26.8.* (from libcuml-cu13==26.8.*->cuml-cu13)
  Downloading https://pypi.nvidia.com/libraft-cu13/libraft_cu13-26.8.0-py3-none-manylinux_2_27_x86_64.manylinux_2_28_x86_64.whl (18.0 MB)
     ━━━━━━━━━━━━━━━━━━━━━━━━━━━━━━━━━━━━━━━━ 18.0/18.0 MB 9.0 MB/s eta 0:00:00
Collecting librmm-cu13==26.8.* (from libcuml-cu13==26.8.*->cuml-cu13)
  Downloading https://pypi.nvidia.com/librmm-cu13/librmm_cu13-26.8.0-py3-none-manylinux_2_24_x86_64.manylinux_2_28_x86_64.whl (4.5 MB)
     ━━━━━━━━━━━━━━━━━━━━━━━━━━━━━━━━━━━━━━━━ 4.5/4.5 MB 30.0 MB/s eta 0:00:00
Collecting rapids-logger==0.2.* (from libcuml-cu13==26.8.*->cuml-cu13)
  Downloading rapids_logger-0.2.3-py3-none-manylinux_2_27_x86_64.manylinux_2_28_x86_64.whl.metadata (5.1 kB)
Collecting nvidia-cufile==1.18.1.6.* (from cuda-toolkit==13.*->cuda-toolkit[cublas,cufft,curand,cusolver,cusparse]==13.*->cuml-cu13)
  Downloading https://pypi.nvidia.com/nvidia-cufile/nvidia_cufile-1.18.1.6-py3-none-manylinux_2_27_x86_64.whl (1.4 MB)
     ━━━━━━━━━━━━━━━━━━━━━━━━━━━━━━━━━━━━━━━━ 1.4/1.4 MB 54.6 MB/s eta 0:00:00
Collecting nvidia-cuda-crt==13.3.73.* (from cuda-toolkit==13.*->cuda-toolkit[cublas,cufft,curand,cusolver,cusparse]==13.*->cuml-cu13)
  Downloading https://pypi.nvidia.com/nvidia-cuda-crt/nvidia_cuda_crt-13.3.73-py3-none-manylinux2014_x86_64.manylinux_2_17_x86_64.whl (157 kB)
Collecting nvidia-cuda-nvcc==13.3.73.* (from cuda-toolkit==13.*->cuda-toolkit[cublas,cufft,curand,cusolver,cusparse]==13.*->cuml-cu13)
  Downloading https://pypi.nvidia.com/nvidia-cuda-nvcc/nvidia_cuda_nvcc-13.3.73-py3-none-manylinux2014_x86_64.manylinux_2_17_x86_64.whl (44.9 MB)
     ━━━━━━━━━━━━━━━━━━━━━━━━━━━━━━━━━━━━━━━━ 44.9/44.9 MB 9.7 MB/s eta 0:00:00
Collecting nvidia-cuda-runtime==13.3.29.* (from cuda-toolkit==13.*->cuda-toolkit[cublas,cufft,curand,cusolver,cusparse]==13.*->cuml-cu13)
  Downloading https://pypi.nvidia.com/nvidia-cuda-runtime/nvidia_cuda_runtime-13.3.29-py3-none-manylinux2014_x86_64.manylinux_2_17_x86_64.whl (2.3 MB)
     ━━━━━━━━━━━━━━━━━━━━━━━━━━━━━━━━━━━━━━━━ 2.3/2.3 MB 28.9 MB/s eta 0:00:00
Collecting nvidia-nvvm==13.3.73.* (from cuda-toolkit==13.*->cuda-toolkit[cublas,cufft,curand,cusolver,cusparse]==13.*->cuml-cu13)
  Downloading https://pypi.nvidia.com/nvidia-nvvm/nvidia_nvvm-13.3.73-py3-none-manylinux2010_x86_64.manylinux_2_12_x86_64.whl (69.3 MB)
     ━━━━━━━━━━━━━━━━━━━━━━━━━━━━━━━━━━━━━━━━ 69.3/69.3 MB 11.6 MB/s eta 0:00:00
Collecting libkvikio-cu13==26.8.* (from libcudf-cu13==26.8.*->cudf-cu13==26.8.*->cuml-cu13)
  Downloading https://pypi.nvidia.com/libkvikio-cu13/libkvikio_cu13-26.8.0-py3-none-manylinux_2_28_x86_64.whl (2.9 MB)
     ━━━━━━━━━━━━━━━━━━━━━━━━━━━━━━━━━━━━━━━━ 2.9/2.9 MB 35.8 MB/s eta 0:00:00
Collecting nvidia-libnvcomp-cu13==5.3.0.16 (from libcudf-cu13==26.8.*->cudf-cu13==26.8.*->cuml-cu13)
  Downloading https://pypi.nvidia.com/nvidia-libnvcomp-cu13/nvidia_libnvcomp_cu13-5.3.0.16-py3-none-manylinux_2_27_x86_64.manylinux_2_28_x86_64.whl (28.5 MB)
     ━━━━━━━━━━━━━━━━━━━━━━━━━━━━━━━━━━━━━━━━ 28.5/28.5 MB 12.6 MB/s eta 0:00:00
Collecting nvidia-nccl-cu13>=2.19 (from libcuvs-cu13==26.8.*->libcuml-cu13==26.8.*->cuml-cu13)
  Downloading https://pypi.nvidia.com/nvidia-nccl-cu13/nvidia_nccl_cu13-2.31.2-py3-none-manylinux_2_18_x86_64.whl (252.4 MB)
     ━━━━━━━━━━━━━━━━━━━━━━━━━━━━━━━━━━━━━━ 252.4/252.4 MB 11.6 MB/s eta 0:00:00
Requirement already satisfied: cuda-pathfinder in ./.venv-gpu-svm-rapids/lib/python3.12/site-packages (from libkvikio-cu13==26.8.*->libcudf-cu13==26.8.*->cudf-cu13==26.8.*->cuml-cu13) (1.2.2)
Requirement already satisfied: narwhals>=2.0.1 in ./.venv-gpu-svm-rapids/lib/python3.12/site-packages (from scikit-learn>=1.6) (2.24.0)
Requirement already satisfied: threadpoolctl>=3.5.0 in ./.venv-gpu-svm-rapids/lib/python3.12/site-packages (from scikit-learn>=1.6) (3.6.0)
Requirement already satisfied: python-dateutil>=2.8.2 in ./.venv-gpu-svm-rapids/lib/python3.12/site-packages (from pandas) (2.9.0.post0)
Collecting cuda-pathfinder (from libkvikio-cu13==26.8.*->libcudf-cu13==26.8.*->cudf-cu13==26.8.*->cuml-cu13)
  Downloading cuda_pathfinder-1.8.0-py3-none-any.whl.metadata (1.9 kB)
Collecting llvmlite<0.47,>=0.46.0dev0 (from numba<0.65.0,>=0.60.0->cuml-cu13)
  Downloading llvmlite-0.46.0-cp312-cp312-manylinux2014_x86_64.manylinux_2_17_x86_64.whl.metadata (5.0 kB)
Collecting numpy<3,>=2
  Downloading numpy-2.4.6-cp312-cp312-manylinux_2_27_x86_64.manylinux_2_28_x86_64.whl.metadata (6.6 kB)
Collecting cuda-core<2.0.0,>=0.5.1 (from numba-cuda>=0.22.2->numba-cuda[cu13]>=0.22.2->cuml-cu13)
  Downloading cuda_core-1.1.1-cp312-cp312-manylinux_2_24_x86_64.manylinux_2_28_x86_64.whl.metadata (3.3 kB)
Collecting nvidia-cuda-cccl==13.3.3.4.1.* (from cuda-toolkit==13.*->cuda-toolkit[cublas,cufft,curand,cusolver,cusparse]==13.*->cuml-cu13)
  Downloading https://pypi.nvidia.com/nvidia-cuda-cccl/nvidia_cuda_cccl-13.3.3.4.1-py3-none-manylinux2014_x86_64.manylinux_2_17_x86_64.whl (3.5 MB)
     ━━━━━━━━━━━━━━━━━━━━━━━━━━━━━━━━━━━━━━━━ 3.5/3.5 MB 6.6 MB/s eta 0:00:00
Requirement already satisfied: six>=1.5 in ./.venv-gpu-svm-rapids/lib/python3.12/site-packages (from python-dateutil>=2.8.2->pandas) (1.17.0)
Requirement already satisfied: markdown-it-py>=2.2.0 in ./.venv-gpu-svm-rapids/lib/python3.12/site-packages (from rich->cuml-cu13) (4.2.0)
Requirement already satisfied: pygments<3.0.0,>=2.13.0 in ./.venv-gpu-svm-rapids/lib/python3.12/site-packages (from rich->cuml-cu13) (2.20.0)
Requirement already satisfied: mdurl~=0.1 in ./.venv-gpu-svm-rapids/lib/python3.12/site-packages (from markdown-it-py>=2.2.0->rich->cuml-cu13) (0.1.2)
Downloading rapids_logger-0.2.3-py3-none-manylinux_2_27_x86_64.manylinux_2_28_x86_64.whl (202 kB)
Downloading cuda_bindings-13.3.1-cp312-cp312-manylinux_2_24_x86_64.manylinux_2_28_x86_64.whl (6.7 MB)
   ━━━━━━━━━━━━━━━━━━━━━━━━━━━━━━━━━━━━━━━━ 6.7/6.7 MB 21.7 MB/s eta 0:00:00
Downloading cupy_cuda13x-14.2.0-cp312-cp312-manylinux2014_x86_64.whl (69.4 MB)
   ━━━━━━━━━━━━━━━━━━━━━━━━━━━━━━━━━━━━━━━━ 69.4/69.4 MB 6.0 MB/s eta 0:00:00
Downloading cuda_pathfinder-1.8.0-py3-none-any.whl (62 kB)
Downloading numba-0.64.0-cp312-cp312-manylinux2014_x86_64.manylinux_2_17_x86_64.whl (3.8 MB)
   ━━━━━━━━━━━━━━━━━━━━━━━━━━━━━━━━━━━━━━━━ 3.8/3.8 MB 6.1 MB/s eta 0:00:00
Downloading numpy-2.4.6-cp312-cp312-manylinux_2_27_x86_64.manylinux_2_28_x86_64.whl (16.6 MB)
   ━━━━━━━━━━━━━━━━━━━━━━━━━━━━━━━━━━━━━━━━ 16.6/16.6 MB 30.9 MB/s eta 0:00:00
Downloading numba_cuda-0.30.4-cp312-cp312-manylinux_2_24_x86_64.manylinux_2_28_x86_64.whl (1.9 MB)
   ━━━━━━━━━━━━━━━━━━━━━━━━━━━━━━━━━━━━━━━━ 1.9/1.9 MB 4.0 MB/s eta 0:00:00
Downloading treelite-4.7.1-py3-none-manylinux_2_28_x86_64.whl (921 kB)
   ━━━━━━━━━━━━━━━━━━━━━━━━━━━━━━━━━━━━━━━━ 921.2/921.2 kB 4.8 MB/s eta 0:00:00
Downloading cuda_core-1.1.1-cp312-cp312-manylinux_2_24_x86_64.manylinux_2_28_x86_64.whl (6.2 MB)
   ━━━━━━━━━━━━━━━━━━━━━━━━━━━━━━━━━━━━━━━━ 6.2/6.2 MB 4.7 MB/s eta 0:00:00
Downloading llvmlite-0.46.0-cp312-cp312-manylinux2014_x86_64.manylinux_2_17_x86_64.whl (56.3 MB)
   ━━━━━━━━━━━━━━━━━━━━━━━━━━━━━━━━━━━━━━━━ 56.3/56.3 MB 5.5 MB/s eta 0:00:00
Downloading numba_cuda_mlir-0.5.0-cp312-cp312-manylinux_2_27_x86_64.manylinux_2_28_x86_64.whl (71.1 MB)
   ━━━━━━━━━━━━━━━━━━━━━━━━━━━━━━━━━━━━━━━━ 71.1/71.1 MB 5.9 MB/s eta 0:00:00
Downloading pyarrow-23.0.1-cp312-cp312-manylinux_2_28_x86_64.whl (47.6 MB)
   ━━━━━━━━━━━━━━━━━━━━━━━━━━━━━━━━━━━━━━━━ 47.6/47.6 MB 23.1 MB/s eta 0:00:00
Downloading cachetools-7.1.7-py3-none-any.whl (16 kB)
Installing collected packages: nvidia-libnvcomp-cu13, cuda-toolkit, rapids-logger, pyarrow, nvtx, nvidia-nvvm, nvidia-nvjitlink, nvidia-nccl-cu13, nvidia-curand, nvidia-cufile, nvidia-cuda-runtime, nvidia-cuda-nvrtc, nvidia-cuda-crt, nvidia-cuda-cccl, numpy, llvmlite, cuda-pathfinder, cachetools, nvidia-cusparse, nvidia-cufft, nvidia-cuda-nvcc, nvidia-cublas, numba, librmm-cu13, cupy-cuda13x, cuda-core, cuda-bindings, treelite, rmm-cu13, nvidia-cusolver, numba-cuda-mlir, numba-cuda, libkvikio-cu13, libcudf-cu13, pylibcudf-cu13, libraft-cu13, pylibraft-cu13, libnvforest-cu13, libcuvs-cu13, cudf-cu13, nvforest-cu13, libcuml-cu13, cuml-cu13
  Attempting uninstall: cuda-toolkit
    Found existing installation: cuda-toolkit 12.6.3
    Uninstalling cuda-toolkit-12.6.3:
      Successfully uninstalled cuda-toolkit-12.6.3
  Attempting uninstall: numpy
    Found existing installation: numpy 2.4.4
    Uninstalling numpy-2.4.4:
      Successfully uninstalled numpy-2.4.4
  Attempting uninstall: cuda-pathfinder
    Found existing installation: cuda-pathfinder 1.2.2
    Uninstalling cuda-pathfinder-1.2.2:
      Successfully uninstalled cuda-pathfinder-1.2.2
  Attempting uninstall: cuda-bindings
    Found existing installation: cuda-bindings 12.9.4
    Uninstalling cuda-bindings-12.9.4:
      Successfully uninstalled cuda-bindings-12.9.4
Successfully installed cachetools-7.1.7 cuda-bindings-13.3.1 cuda-core-1.1.1 cuda-pathfinder-1.8.0 cuda-toolkit-13.3.1 cudf-cu13-26.8.1 cuml-cu13-26.8.0 cupy-cuda13x-14.2.0 libcudf-cu13-26.8.1 libcuml-cu13-26.8.0 libcuvs-cu13-26.8.1 libkvikio-cu13-26.8.0 libnvforest-cu13-26.8.0 libraft-cu13-26.8.0 librmm-cu13-26.8.0 llvmlite-0.46.0 numba-0.64.0 numba-cuda-0.30.4 numba-cuda-mlir-0.5.0 numpy-2.4.6 nvforest-cu13-26.8.0 nvidia-cublas-13.6.0.2 nvidia-cuda-cccl-13.3.3.4.1 nvidia-cuda-crt-13.3.73 nvidia-cuda-nvcc-13.3.73 nvidia-cuda-nvrtc-13.3.33 nvidia-cuda-runtime-13.3.29 nvidia-cufft-12.3.0.29 nvidia-cufile-1.18.1.6 nvidia-curand-10.4.3.29 nvidia-cusolver-12.2.6.9 nvidia-cusparse-12.8.2.51 nvidia-libnvcomp-cu13-5.3.0.16 nvidia-nccl-cu13-2.31.2 nvidia-nvjitlink-13.3.33 nvidia-nvvm-13.3.73 nvtx-0.2.16 pyarrow-23.0.1 pylibcudf-cu13-26.8.1 pylibraft-cu13-26.8.0 rapids-logger-0.2.3 rmm-cu13-26.8.0 treelite-4.7.1
cuML 26.08.00
GPU NVIDIA GeForce RTX 4060
LinearSVC <class 'cuml.svm.linear_svc.LinearSVC'>
